// Jest Snapshot v1, https://goo.gl/fbAQLP

exports[`DDashboard DDashboard Basics 1`] = `ShallowWrapper {}`;
