// Jest Snapshot v1, https://goo.gl/fbAQLP

exports[`ForgotPassword Renders correctly 1`] = `ReactWrapper {}`;

exports[`SigninSignupLink Renders correctly 1`] = `ShallowWrapper {}`;
