// Jest Snapshot v1, https://goo.gl/fbAQLP

exports[`Links Renders correctly 1`] = `ShallowWrapper {}`;
