// Jest Snapshot v1, https://goo.gl/fbAQLP

exports[`Grant renders shallowly without crashing 1`] = `ShallowWrapper {}`;
