// Jest Snapshot v1, https://goo.gl/fbAQLP

exports[`MetaAdmin renders shallowly without crashing 1`] = `ShallowWrapper {}`;
