// Jest Snapshot v1, https://goo.gl/fbAQLP

exports[`App renders shallowly without crashing 1`] = `ShallowWrapper {}`;
