// Jest Snapshot v1, https://goo.gl/fbAQLP

exports[`Component: ContactPopout Renders correctly 1`] = `ReactWrapper {}`;
