// Jest Snapshot v1, https://goo.gl/fbAQLP

exports[`Component: Footer Renders correctly 1`] = `ReactWrapper {}`;
