// Jest Snapshot v1, https://goo.gl/fbAQLP

exports[`FoundationCard renders shallowly without crashing 1`] = `ShallowWrapper {}`;
