// Jest Snapshot v1, https://goo.gl/fbAQLP

exports[`Header logged out Renders correctly 1`] = `ReactWrapper {}`;
