// Jest Snapshot v1, https://goo.gl/fbAQLP

exports[`Component: InfoIcon Renders correctly 1`] = `ReactWrapper {}`;
