// Jest Snapshot v1, https://goo.gl/fbAQLP

exports[`Large Grant Card basics Renders correctly 1`] = `ShallowWrapper {}`;
