// Jest Snapshot v1, https://goo.gl/fbAQLP

exports[`Component: LocationSearch Renders correctly 1`] = `ReactWrapper {}`;
