// Jest Snapshot v1, https://goo.gl/fbAQLP

exports[`Component: ProgressBar Renders correctly 1`] = `ReactWrapper {}`;
