// Jest Snapshot v1, https://goo.gl/fbAQLP

exports[`Routes basics Renders correctly 1`] = `ShallowWrapper {}`;
