// Jest Snapshot v1, https://goo.gl/fbAQLP

exports[`Component: SearchRadius Renders correctly 1`] = `ReactWrapper {}`;
