// Jest Snapshot v1, https://goo.gl/fbAQLP

exports[`Component: SortBy Renders correctly 1`] = `ReactWrapper {}`;
