// Jest Snapshot v1, https://goo.gl/fbAQLP

exports[`Tag Search basics Renders correctly 1`] = `ShallowWrapper {}`;
