// Jest Snapshot v1, https://goo.gl/fbAQLP

exports[`Component: Text Renders correctly 1`] = `ReactWrapper {}`;
